Executing stage: TJPCovPipeline @ 2025-02-20 14:27:17.913944
./tests/outputs/counts_nocov_temporary_file.sacc
{'tjpcov': {'txpipe_flag': True, 'firecrown_flag': False, 'name': 'TJPCovPipeline', 'metacalibration': True, 'use_mpi': False, 'do_xi': False, 'cov_type': ['ClusterCountsGaussian', 'ClusterCountsSSC'], 'cosmo': 'set', 'fsky': 0.3, 'parameters': {'Omega_c': 0.22, 'Omega_b': 0.0448, 'h': 0.71, 'n_s': 0.963, 'sigma8': 0.8, 'w0': -1, 'wa': 0, 'transfer_function': 'boltzmann_camb'}, 'photo-z': {'sigma_0': 0.005}, 'mor_parameters': {'alpha': 3.19, 'beta': 0.8685889638, 'sigma_zero': 0.33, 'q': -0.034, 'm_pivot': 422535211267606}, 'stage_name': 'TJPCovPipeline', 'clusters_sacc_file': '/sps/lsst/groups/clusters/cl_pipeline_project/TXPipe_data/cosmodc2/outputs-20deg2-CL/cluster_sacc_catalog.sacc', 'clusters_sacc_file_cov': './tests/outputs/clusters_sacc_file_cov.sacc', 'config': './tests/config.yml', 'mpi': False, 'pdb': False, 'cprofile': '', 'memmon': 0, 'trace': False, 'outdir': './tests/outputs', 'sacc_file': './tests/outputs/counts_nocov_temporary_file.sacc'}, 'txpipe_flag': True, 'firecrown_flag': False, 'name': 'TJPCovPipeline', 'metacalibration': True, 'use_mpi': False, 'do_xi': False, 'cov_type': ['ClusterCountsGaussian', 'ClusterCountsSSC'], 'cosmo': 'set', 'fsky': 0.3, 'parameters': {'Omega_c': 0.22, 'Omega_b': 0.0448, 'h': 0.71, 'n_s': 0.963, 'sigma8': 0.8, 'w0': -1, 'wa': 0, 'transfer_function': 'boltzmann_camb'}, 'photo-z': {'sigma_0': 0.005}, 'mor_parameters': {'alpha': 3.19, 'beta': 0.8685889638, 'sigma_zero': 0.33, 'q': -0.034, 'm_pivot': 422535211267606}, 'stage_name': 'TJPCovPipeline', 'clusters_sacc_file': '/sps/lsst/groups/clusters/cl_pipeline_project/TXPipe_data/cosmodc2/outputs-20deg2-CL/cluster_sacc_catalog.sacc', 'clusters_sacc_file_cov': './tests/outputs/clusters_sacc_file_cov.sacc', 'config': './tests/config.yml', 'mpi': False, 'pdb': False, 'cprofile': '', 'memmon': 0, 'trace': False, 'outdir': './tests/outputs', 'sacc_file': './tests/outputs/counts_nocov_temporary_file.sacc'}
./tests/outputs/clusters_sacc_file_cov.sacc
Computing independent covariance blocks
Rank None: ('cosmodc2-20deg2-CL', 'bin_rich_0', 'bin_z_0'), ('cosmodc2-20deg2-CL', 'bin_rich_0', 'bin_z_0')
Rank None: ('cosmodc2-20deg2-CL', 'bin_rich_0', 'bin_z_0'), ('cosmodc2-20deg2-CL', 'bin_rich_0', 'bin_z_1')
Rank None: ('cosmodc2-20deg2-CL', 'bin_rich_0', 'bin_z_0'), ('cosmodc2-20deg2-CL', 'bin_rich_0', 'bin_z_2')
Rank None: ('cosmodc2-20deg2-CL', 'bin_rich_0', 'bin_z_0'), ('cosmodc2-20deg2-CL', 'bin_rich_1', 'bin_z_0')
Rank None: ('cosmodc2-20deg2-CL', 'bin_rich_0', 'bin_z_0'), ('cosmodc2-20deg2-CL', 'bin_rich_1', 'bin_z_1')
Rank None: ('cosmodc2-20deg2-CL', 'bin_rich_0', 'bin_z_0'), ('cosmodc2-20deg2-CL', 'bin_rich_1', 'bin_z_2')
Rank None: ('cosmodc2-20deg2-CL', 'bin_rich_0', 'bin_z_0'), ('cosmodc2-20deg2-CL', 'bin_rich_2', 'bin_z_0')
Rank None: ('cosmodc2-20deg2-CL', 'bin_rich_0', 'bin_z_0'), ('cosmodc2-20deg2-CL', 'bin_rich_2', 'bin_z_1')
Rank None: ('cosmodc2-20deg2-CL', 'bin_rich_0', 'bin_z_0'), ('cosmodc2-20deg2-CL', 'bin_rich_2', 'bin_z_2')
Rank None: ('cosmodc2-20deg2-CL', 'bin_rich_0', 'bin_z_0'), ('cosmodc2-20deg2-CL', 'bin_rich_3', 'bin_z_0')
Rank None: ('cosmodc2-20deg2-CL', 'bin_rich_0', 'bin_z_0'), ('cosmodc2-20deg2-CL', 'bin_rich_3', 'bin_z_1')
Rank None: ('cosmodc2-20deg2-CL', 'bin_rich_0', 'bin_z_0'), ('cosmodc2-20deg2-CL', 'bin_rich_3', 'bin_z_2')
Rank None: ('cosmodc2-20deg2-CL', 'bin_rich_0', 'bin_z_1'), ('cosmodc2-20deg2-CL', 'bin_rich_0', 'bin_z_1')
Rank None: ('cosmodc2-20deg2-CL', 'bin_rich_0', 'bin_z_1'), ('cosmodc2-20deg2-CL', 'bin_rich_0', 'bin_z_2')
Rank None: ('cosmodc2-20deg2-CL', 'bin_rich_0', 'bin_z_1'), ('cosmodc2-20deg2-CL', 'bin_rich_1', 'bin_z_0')
Rank None: ('cosmodc2-20deg2-CL', 'bin_rich_0', 'bin_z_1'), ('cosmodc2-20deg2-CL', 'bin_rich_1', 'bin_z_1')
Rank None: ('cosmodc2-20deg2-CL', 'bin_rich_0', 'bin_z_1'), ('cosmodc2-20deg2-CL', 'bin_rich_1', 'bin_z_2')
Rank None: ('cosmodc2-20deg2-CL', 'bin_rich_0', 'bin_z_1'), ('cosmodc2-20deg2-CL', 'bin_rich_2', 'bin_z_0')
Rank None: ('cosmodc2-20deg2-CL', 'bin_rich_0', 'bin_z_1'), ('cosmodc2-20deg2-CL', 'bin_rich_2', 'bin_z_1')
Rank None: ('cosmodc2-20deg2-CL', 'bin_rich_0', 'bin_z_1'), ('cosmodc2-20deg2-CL', 'bin_rich_2', 'bin_z_2')
Rank None: ('cosmodc2-20deg2-CL', 'bin_rich_0', 'bin_z_1'), ('cosmodc2-20deg2-CL', 'bin_rich_3', 'bin_z_0')
Rank None: ('cosmodc2-20deg2-CL', 'bin_rich_0', 'bin_z_1'), ('cosmodc2-20deg2-CL', 'bin_rich_3', 'bin_z_1')
Rank None: ('cosmodc2-20deg2-CL', 'bin_rich_0', 'bin_z_1'), ('cosmodc2-20deg2-CL', 'bin_rich_3', 'bin_z_2')
Rank None: ('cosmodc2-20deg2-CL', 'bin_rich_0', 'bin_z_2'), ('cosmodc2-20deg2-CL', 'bin_rich_0', 'bin_z_2')
Rank None: ('cosmodc2-20deg2-CL', 'bin_rich_0', 'bin_z_2'), ('cosmodc2-20deg2-CL', 'bin_rich_1', 'bin_z_0')
Rank None: ('cosmodc2-20deg2-CL', 'bin_rich_0', 'bin_z_2'), ('cosmodc2-20deg2-CL', 'bin_rich_1', 'bin_z_1')
Rank None: ('cosmodc2-20deg2-CL', 'bin_rich_0', 'bin_z_2'), ('cosmodc2-20deg2-CL', 'bin_rich_1', 'bin_z_2')
Rank None: ('cosmodc2-20deg2-CL', 'bin_rich_0', 'bin_z_2'), ('cosmodc2-20deg2-CL', 'bin_rich_2', 'bin_z_0')
Rank None: ('cosmodc2-20deg2-CL', 'bin_rich_0', 'bin_z_2'), ('cosmodc2-20deg2-CL', 'bin_rich_2', 'bin_z_1')
Rank None: ('cosmodc2-20deg2-CL', 'bin_rich_0', 'bin_z_2'), ('cosmodc2-20deg2-CL', 'bin_rich_2', 'bin_z_2')
Rank None: ('cosmodc2-20deg2-CL', 'bin_rich_0', 'bin_z_2'), ('cosmodc2-20deg2-CL', 'bin_rich_3', 'bin_z_0')
Rank None: ('cosmodc2-20deg2-CL', 'bin_rich_0', 'bin_z_2'), ('cosmodc2-20deg2-CL', 'bin_rich_3', 'bin_z_1')
Rank None: ('cosmodc2-20deg2-CL', 'bin_rich_0', 'bin_z_2'), ('cosmodc2-20deg2-CL', 'bin_rich_3', 'bin_z_2')
Rank None: ('cosmodc2-20deg2-CL', 'bin_rich_1', 'bin_z_0'), ('cosmodc2-20deg2-CL', 'bin_rich_1', 'bin_z_0')
Rank None: ('cosmodc2-20deg2-CL', 'bin_rich_1', 'bin_z_0'), ('cosmodc2-20deg2-CL', 'bin_rich_1', 'bin_z_1')
Rank None: ('cosmodc2-20deg2-CL', 'bin_rich_1', 'bin_z_0'), ('cosmodc2-20deg2-CL', 'bin_rich_1', 'bin_z_2')
Rank None: ('cosmodc2-20deg2-CL', 'bin_rich_1', 'bin_z_0'), ('cosmodc2-20deg2-CL', 'bin_rich_2', 'bin_z_0')
Rank None: ('cosmodc2-20deg2-CL', 'bin_rich_1', 'bin_z_0'), ('cosmodc2-20deg2-CL', 'bin_rich_2', 'bin_z_1')
Rank None: ('cosmodc2-20deg2-CL', 'bin_rich_1', 'bin_z_0'), ('cosmodc2-20deg2-CL', 'bin_rich_2', 'bin_z_2')
Rank None: ('cosmodc2-20deg2-CL', 'bin_rich_1', 'bin_z_0'), ('cosmodc2-20deg2-CL', 'bin_rich_3', 'bin_z_0')
Rank None: ('cosmodc2-20deg2-CL', 'bin_rich_1', 'bin_z_0'), ('cosmodc2-20deg2-CL', 'bin_rich_3', 'bin_z_1')
Rank None: ('cosmodc2-20deg2-CL', 'bin_rich_1', 'bin_z_0'), ('cosmodc2-20deg2-CL', 'bin_rich_3', 'bin_z_2')
Rank None: ('cosmodc2-20deg2-CL', 'bin_rich_1', 'bin_z_1'), ('cosmodc2-20deg2-CL', 'bin_rich_1', 'bin_z_1')
Rank None: ('cosmodc2-20deg2-CL', 'bin_rich_1', 'bin_z_1'), ('cosmodc2-20deg2-CL', 'bin_rich_1', 'bin_z_2')
Rank None: ('cosmodc2-20deg2-CL', 'bin_rich_1', 'bin_z_1'), ('cosmodc2-20deg2-CL', 'bin_rich_2', 'bin_z_0')
Rank None: ('cosmodc2-20deg2-CL', 'bin_rich_1', 'bin_z_1'), ('cosmodc2-20deg2-CL', 'bin_rich_2', 'bin_z_1')
Rank None: ('cosmodc2-20deg2-CL', 'bin_rich_1', 'bin_z_1'), ('cosmodc2-20deg2-CL', 'bin_rich_2', 'bin_z_2')
Rank None: ('cosmodc2-20deg2-CL', 'bin_rich_1', 'bin_z_1'), ('cosmodc2-20deg2-CL', 'bin_rich_3', 'bin_z_0')
Rank None: ('cosmodc2-20deg2-CL', 'bin_rich_1', 'bin_z_1'), ('cosmodc2-20deg2-CL', 'bin_rich_3', 'bin_z_1')
Rank None: ('cosmodc2-20deg2-CL', 'bin_rich_1', 'bin_z_1'), ('cosmodc2-20deg2-CL', 'bin_rich_3', 'bin_z_2')
Rank None: ('cosmodc2-20deg2-CL', 'bin_rich_1', 'bin_z_2'), ('cosmodc2-20deg2-CL', 'bin_rich_1', 'bin_z_2')
Rank None: ('cosmodc2-20deg2-CL', 'bin_rich_1', 'bin_z_2'), ('cosmodc2-20deg2-CL', 'bin_rich_2', 'bin_z_0')
Rank None: ('cosmodc2-20deg2-CL', 'bin_rich_1', 'bin_z_2'), ('cosmodc2-20deg2-CL', 'bin_rich_2', 'bin_z_1')
Rank None: ('cosmodc2-20deg2-CL', 'bin_rich_1', 'bin_z_2'), ('cosmodc2-20deg2-CL', 'bin_rich_2', 'bin_z_2')
Rank None: ('cosmodc2-20deg2-CL', 'bin_rich_1', 'bin_z_2'), ('cosmodc2-20deg2-CL', 'bin_rich_3', 'bin_z_0')
Rank None: ('cosmodc2-20deg2-CL', 'bin_rich_1', 'bin_z_2'), ('cosmodc2-20deg2-CL', 'bin_rich_3', 'bin_z_1')
Rank None: ('cosmodc2-20deg2-CL', 'bin_rich_1', 'bin_z_2'), ('cosmodc2-20deg2-CL', 'bin_rich_3', 'bin_z_2')
Rank None: ('cosmodc2-20deg2-CL', 'bin_rich_2', 'bin_z_0'), ('cosmodc2-20deg2-CL', 'bin_rich_2', 'bin_z_0')
Rank None: ('cosmodc2-20deg2-CL', 'bin_rich_2', 'bin_z_0'), ('cosmodc2-20deg2-CL', 'bin_rich_2', 'bin_z_1')
Rank None: ('cosmodc2-20deg2-CL', 'bin_rich_2', 'bin_z_0'), ('cosmodc2-20deg2-CL', 'bin_rich_2', 'bin_z_2')
Rank None: ('cosmodc2-20deg2-CL', 'bin_rich_2', 'bin_z_0'), ('cosmodc2-20deg2-CL', 'bin_rich_3', 'bin_z_0')
Rank None: ('cosmodc2-20deg2-CL', 'bin_rich_2', 'bin_z_0'), ('cosmodc2-20deg2-CL', 'bin_rich_3', 'bin_z_1')
Rank None: ('cosmodc2-20deg2-CL', 'bin_rich_2', 'bin_z_0'), ('cosmodc2-20deg2-CL', 'bin_rich_3', 'bin_z_2')
Rank None: ('cosmodc2-20deg2-CL', 'bin_rich_2', 'bin_z_1'), ('cosmodc2-20deg2-CL', 'bin_rich_2', 'bin_z_1')
Rank None: ('cosmodc2-20deg2-CL', 'bin_rich_2', 'bin_z_1'), ('cosmodc2-20deg2-CL', 'bin_rich_2', 'bin_z_2')
Rank None: ('cosmodc2-20deg2-CL', 'bin_rich_2', 'bin_z_1'), ('cosmodc2-20deg2-CL', 'bin_rich_3', 'bin_z_0')
Rank None: ('cosmodc2-20deg2-CL', 'bin_rich_2', 'bin_z_1'), ('cosmodc2-20deg2-CL', 'bin_rich_3', 'bin_z_1')
Rank None: ('cosmodc2-20deg2-CL', 'bin_rich_2', 'bin_z_1'), ('cosmodc2-20deg2-CL', 'bin_rich_3', 'bin_z_2')
Rank None: ('cosmodc2-20deg2-CL', 'bin_rich_2', 'bin_z_2'), ('cosmodc2-20deg2-CL', 'bin_rich_2', 'bin_z_2')
Rank None: ('cosmodc2-20deg2-CL', 'bin_rich_2', 'bin_z_2'), ('cosmodc2-20deg2-CL', 'bin_rich_3', 'bin_z_0')
Rank None: ('cosmodc2-20deg2-CL', 'bin_rich_2', 'bin_z_2'), ('cosmodc2-20deg2-CL', 'bin_rich_3', 'bin_z_1')
Rank None: ('cosmodc2-20deg2-CL', 'bin_rich_2', 'bin_z_2'), ('cosmodc2-20deg2-CL', 'bin_rich_3', 'bin_z_2')
Rank None: ('cosmodc2-20deg2-CL', 'bin_rich_3', 'bin_z_0'), ('cosmodc2-20deg2-CL', 'bin_rich_3', 'bin_z_0')
Rank None: ('cosmodc2-20deg2-CL', 'bin_rich_3', 'bin_z_0'), ('cosmodc2-20deg2-CL', 'bin_rich_3', 'bin_z_1')
Rank None: ('cosmodc2-20deg2-CL', 'bin_rich_3', 'bin_z_0'), ('cosmodc2-20deg2-CL', 'bin_rich_3', 'bin_z_2')
Rank None: ('cosmodc2-20deg2-CL', 'bin_rich_3', 'bin_z_1'), ('cosmodc2-20deg2-CL', 'bin_rich_3', 'bin_z_1')
Rank None: ('cosmodc2-20deg2-CL', 'bin_rich_3', 'bin_z_1'), ('cosmodc2-20deg2-CL', 'bin_rich_3', 'bin_z_2')
Rank None: ('cosmodc2-20deg2-CL', 'bin_rich_3', 'bin_z_2'), ('cosmodc2-20deg2-CL', 'bin_rich_3', 'bin_z_2')
Building the covariance: placing blocks in their place
('cosmodc2-20deg2-CL', 'bin_rich_0', 'bin_z_0') ('cosmodc2-20deg2-CL', 'bin_rich_0', 'bin_z_0')
('cosmodc2-20deg2-CL', 'bin_rich_0', 'bin_z_0') ('cosmodc2-20deg2-CL', 'bin_rich_0', 'bin_z_1')
('cosmodc2-20deg2-CL', 'bin_rich_0', 'bin_z_0') ('cosmodc2-20deg2-CL', 'bin_rich_0', 'bin_z_2')
('cosmodc2-20deg2-CL', 'bin_rich_0', 'bin_z_0') ('cosmodc2-20deg2-CL', 'bin_rich_1', 'bin_z_0')
('cosmodc2-20deg2-CL', 'bin_rich_0', 'bin_z_0') ('cosmodc2-20deg2-CL', 'bin_rich_1', 'bin_z_1')
('cosmodc2-20deg2-CL', 'bin_rich_0', 'bin_z_0') ('cosmodc2-20deg2-CL', 'bin_rich_1', 'bin_z_2')
('cosmodc2-20deg2-CL', 'bin_rich_0', 'bin_z_0') ('cosmodc2-20deg2-CL', 'bin_rich_2', 'bin_z_0')
('cosmodc2-20deg2-CL', 'bin_rich_0', 'bin_z_0') ('cosmodc2-20deg2-CL', 'bin_rich_2', 'bin_z_1')
('cosmodc2-20deg2-CL', 'bin_rich_0', 'bin_z_0') ('cosmodc2-20deg2-CL', 'bin_rich_2', 'bin_z_2')
('cosmodc2-20deg2-CL', 'bin_rich_0', 'bin_z_0') ('cosmodc2-20deg2-CL', 'bin_rich_3', 'bin_z_0')
('cosmodc2-20deg2-CL', 'bin_rich_0', 'bin_z_0') ('cosmodc2-20deg2-CL', 'bin_rich_3', 'bin_z_1')
('cosmodc2-20deg2-CL', 'bin_rich_0', 'bin_z_0') ('cosmodc2-20deg2-CL', 'bin_rich_3', 'bin_z_2')
('cosmodc2-20deg2-CL', 'bin_rich_0', 'bin_z_1') ('cosmodc2-20deg2-CL', 'bin_rich_0', 'bin_z_1')
('cosmodc2-20deg2-CL', 'bin_rich_0', 'bin_z_1') ('cosmodc2-20deg2-CL', 'bin_rich_0', 'bin_z_2')
('cosmodc2-20deg2-CL', 'bin_rich_0', 'bin_z_1') ('cosmodc2-20deg2-CL', 'bin_rich_1', 'bin_z_0')
('cosmodc2-20deg2-CL', 'bin_rich_0', 'bin_z_1') ('cosmodc2-20deg2-CL', 'bin_rich_1', 'bin_z_1')
('cosmodc2-20deg2-CL', 'bin_rich_0', 'bin_z_1') ('cosmodc2-20deg2-CL', 'bin_rich_1', 'bin_z_2')
('cosmodc2-20deg2-CL', 'bin_rich_0', 'bin_z_1') ('cosmodc2-20deg2-CL', 'bin_rich_2', 'bin_z_0')
('cosmodc2-20deg2-CL', 'bin_rich_0', 'bin_z_1') ('cosmodc2-20deg2-CL', 'bin_rich_2', 'bin_z_1')
('cosmodc2-20deg2-CL', 'bin_rich_0', 'bin_z_1') ('cosmodc2-20deg2-CL', 'bin_rich_2', 'bin_z_2')
('cosmodc2-20deg2-CL', 'bin_rich_0', 'bin_z_1') ('cosmodc2-20deg2-CL', 'bin_rich_3', 'bin_z_0')
('cosmodc2-20deg2-CL', 'bin_rich_0', 'bin_z_1') ('cosmodc2-20deg2-CL', 'bin_rich_3', 'bin_z_1')
('cosmodc2-20deg2-CL', 'bin_rich_0', 'bin_z_1') ('cosmodc2-20deg2-CL', 'bin_rich_3', 'bin_z_2')
('cosmodc2-20deg2-CL', 'bin_rich_0', 'bin_z_2') ('cosmodc2-20deg2-CL', 'bin_rich_0', 'bin_z_2')
('cosmodc2-20deg2-CL', 'bin_rich_0', 'bin_z_2') ('cosmodc2-20deg2-CL', 'bin_rich_1', 'bin_z_0')
('cosmodc2-20deg2-CL', 'bin_rich_0', 'bin_z_2') ('cosmodc2-20deg2-CL', 'bin_rich_1', 'bin_z_1')
('cosmodc2-20deg2-CL', 'bin_rich_0', 'bin_z_2') ('cosmodc2-20deg2-CL', 'bin_rich_1', 'bin_z_2')
('cosmodc2-20deg2-CL', 'bin_rich_0', 'bin_z_2') ('cosmodc2-20deg2-CL', 'bin_rich_2', 'bin_z_0')
('cosmodc2-20deg2-CL', 'bin_rich_0', 'bin_z_2') ('cosmodc2-20deg2-CL', 'bin_rich_2', 'bin_z_1')
('cosmodc2-20deg2-CL', 'bin_rich_0', 'bin_z_2') ('cosmodc2-20deg2-CL', 'bin_rich_2', 'bin_z_2')
('cosmodc2-20deg2-CL', 'bin_rich_0', 'bin_z_2') ('cosmodc2-20deg2-CL', 'bin_rich_3', 'bin_z_0')
('cosmodc2-20deg2-CL', 'bin_rich_0', 'bin_z_2') ('cosmodc2-20deg2-CL', 'bin_rich_3', 'bin_z_1')
('cosmodc2-20deg2-CL', 'bin_rich_0', 'bin_z_2') ('cosmodc2-20deg2-CL', 'bin_rich_3', 'bin_z_2')
('cosmodc2-20deg2-CL', 'bin_rich_1', 'bin_z_0') ('cosmodc2-20deg2-CL', 'bin_rich_1', 'bin_z_0')
('cosmodc2-20deg2-CL', 'bin_rich_1', 'bin_z_0') ('cosmodc2-20deg2-CL', 'bin_rich_1', 'bin_z_1')
('cosmodc2-20deg2-CL', 'bin_rich_1', 'bin_z_0') ('cosmodc2-20deg2-CL', 'bin_rich_1', 'bin_z_2')
('cosmodc2-20deg2-CL', 'bin_rich_1', 'bin_z_0') ('cosmodc2-20deg2-CL', 'bin_rich_2', 'bin_z_0')
('cosmodc2-20deg2-CL', 'bin_rich_1', 'bin_z_0') ('cosmodc2-20deg2-CL', 'bin_rich_2', 'bin_z_1')
('cosmodc2-20deg2-CL', 'bin_rich_1', 'bin_z_0') ('cosmodc2-20deg2-CL', 'bin_rich_2', 'bin_z_2')
('cosmodc2-20deg2-CL', 'bin_rich_1', 'bin_z_0') ('cosmodc2-20deg2-CL', 'bin_rich_3', 'bin_z_0')
('cosmodc2-20deg2-CL', 'bin_rich_1', 'bin_z_0') ('cosmodc2-20deg2-CL', 'bin_rich_3', 'bin_z_1')
('cosmodc2-20deg2-CL', 'bin_rich_1', 'bin_z_0') ('cosmodc2-20deg2-CL', 'bin_rich_3', 'bin_z_2')
('cosmodc2-20deg2-CL', 'bin_rich_1', 'bin_z_1') ('cosmodc2-20deg2-CL', 'bin_rich_1', 'bin_z_1')
('cosmodc2-20deg2-CL', 'bin_rich_1', 'bin_z_1') ('cosmodc2-20deg2-CL', 'bin_rich_1', 'bin_z_2')
('cosmodc2-20deg2-CL', 'bin_rich_1', 'bin_z_1') ('cosmodc2-20deg2-CL', 'bin_rich_2', 'bin_z_0')
('cosmodc2-20deg2-CL', 'bin_rich_1', 'bin_z_1') ('cosmodc2-20deg2-CL', 'bin_rich_2', 'bin_z_1')
('cosmodc2-20deg2-CL', 'bin_rich_1', 'bin_z_1') ('cosmodc2-20deg2-CL', 'bin_rich_2', 'bin_z_2')
('cosmodc2-20deg2-CL', 'bin_rich_1', 'bin_z_1') ('cosmodc2-20deg2-CL', 'bin_rich_3', 'bin_z_0')
('cosmodc2-20deg2-CL', 'bin_rich_1', 'bin_z_1') ('cosmodc2-20deg2-CL', 'bin_rich_3', 'bin_z_1')
('cosmodc2-20deg2-CL', 'bin_rich_1', 'bin_z_1') ('cosmodc2-20deg2-CL', 'bin_rich_3', 'bin_z_2')
('cosmodc2-20deg2-CL', 'bin_rich_1', 'bin_z_2') ('cosmodc2-20deg2-CL', 'bin_rich_1', 'bin_z_2')
('cosmodc2-20deg2-CL', 'bin_rich_1', 'bin_z_2') ('cosmodc2-20deg2-CL', 'bin_rich_2', 'bin_z_0')
('cosmodc2-20deg2-CL', 'bin_rich_1', 'bin_z_2') ('cosmodc2-20deg2-CL', 'bin_rich_2', 'bin_z_1')
('cosmodc2-20deg2-CL', 'bin_rich_1', 'bin_z_2') ('cosmodc2-20deg2-CL', 'bin_rich_2', 'bin_z_2')
('cosmodc2-20deg2-CL', 'bin_rich_1', 'bin_z_2') ('cosmodc2-20deg2-CL', 'bin_rich_3', 'bin_z_0')
('cosmodc2-20deg2-CL', 'bin_rich_1', 'bin_z_2') ('cosmodc2-20deg2-CL', 'bin_rich_3', 'bin_z_1')
('cosmodc2-20deg2-CL', 'bin_rich_1', 'bin_z_2') ('cosmodc2-20deg2-CL', 'bin_rich_3', 'bin_z_2')
('cosmodc2-20deg2-CL', 'bin_rich_2', 'bin_z_0') ('cosmodc2-20deg2-CL', 'bin_rich_2', 'bin_z_0')
('cosmodc2-20deg2-CL', 'bin_rich_2', 'bin_z_0') ('cosmodc2-20deg2-CL', 'bin_rich_2', 'bin_z_1')
('cosmodc2-20deg2-CL', 'bin_rich_2', 'bin_z_0') ('cosmodc2-20deg2-CL', 'bin_rich_2', 'bin_z_2')
('cosmodc2-20deg2-CL', 'bin_rich_2', 'bin_z_0') ('cosmodc2-20deg2-CL', 'bin_rich_3', 'bin_z_0')
('cosmodc2-20deg2-CL', 'bin_rich_2', 'bin_z_0') ('cosmodc2-20deg2-CL', 'bin_rich_3', 'bin_z_1')
('cosmodc2-20deg2-CL', 'bin_rich_2', 'bin_z_0') ('cosmodc2-20deg2-CL', 'bin_rich_3', 'bin_z_2')
('cosmodc2-20deg2-CL', 'bin_rich_2', 'bin_z_1') ('cosmodc2-20deg2-CL', 'bin_rich_2', 'bin_z_1')
('cosmodc2-20deg2-CL', 'bin_rich_2', 'bin_z_1') ('cosmodc2-20deg2-CL', 'bin_rich_2', 'bin_z_2')
('cosmodc2-20deg2-CL', 'bin_rich_2', 'bin_z_1') ('cosmodc2-20deg2-CL', 'bin_rich_3', 'bin_z_0')
('cosmodc2-20deg2-CL', 'bin_rich_2', 'bin_z_1') ('cosmodc2-20deg2-CL', 'bin_rich_3', 'bin_z_1')
('cosmodc2-20deg2-CL', 'bin_rich_2', 'bin_z_1') ('cosmodc2-20deg2-CL', 'bin_rich_3', 'bin_z_2')
('cosmodc2-20deg2-CL', 'bin_rich_2', 'bin_z_2') ('cosmodc2-20deg2-CL', 'bin_rich_2', 'bin_z_2')
('cosmodc2-20deg2-CL', 'bin_rich_2', 'bin_z_2') ('cosmodc2-20deg2-CL', 'bin_rich_3', 'bin_z_0')
('cosmodc2-20deg2-CL', 'bin_rich_2', 'bin_z_2') ('cosmodc2-20deg2-CL', 'bin_rich_3', 'bin_z_1')
('cosmodc2-20deg2-CL', 'bin_rich_2', 'bin_z_2') ('cosmodc2-20deg2-CL', 'bin_rich_3', 'bin_z_2')
('cosmodc2-20deg2-CL', 'bin_rich_3', 'bin_z_0') ('cosmodc2-20deg2-CL', 'bin_rich_3', 'bin_z_0')
('cosmodc2-20deg2-CL', 'bin_rich_3', 'bin_z_0') ('cosmodc2-20deg2-CL', 'bin_rich_3', 'bin_z_1')
('cosmodc2-20deg2-CL', 'bin_rich_3', 'bin_z_0') ('cosmodc2-20deg2-CL', 'bin_rich_3', 'bin_z_2')
('cosmodc2-20deg2-CL', 'bin_rich_3', 'bin_z_1') ('cosmodc2-20deg2-CL', 'bin_rich_3', 'bin_z_1')
('cosmodc2-20deg2-CL', 'bin_rich_3', 'bin_z_1') ('cosmodc2-20deg2-CL', 'bin_rich_3', 'bin_z_2')
('cosmodc2-20deg2-CL', 'bin_rich_3', 'bin_z_2') ('cosmodc2-20deg2-CL', 'bin_rich_3', 'bin_z_2')
Computing independent covariance blocks
Rank None: ('cosmodc2-20deg2-CL', 'bin_rich_0', 'bin_z_0'), ('cosmodc2-20deg2-CL', 'bin_rich_0', 'bin_z_0')
Rank None: ('cosmodc2-20deg2-CL', 'bin_rich_0', 'bin_z_0'), ('cosmodc2-20deg2-CL', 'bin_rich_0', 'bin_z_1')
Rank None: ('cosmodc2-20deg2-CL', 'bin_rich_0', 'bin_z_0'), ('cosmodc2-20deg2-CL', 'bin_rich_0', 'bin_z_2')
Rank None: ('cosmodc2-20deg2-CL', 'bin_rich_0', 'bin_z_0'), ('cosmodc2-20deg2-CL', 'bin_rich_1', 'bin_z_0')
Rank None: ('cosmodc2-20deg2-CL', 'bin_rich_0', 'bin_z_0'), ('cosmodc2-20deg2-CL', 'bin_rich_1', 'bin_z_1')
Rank None: ('cosmodc2-20deg2-CL', 'bin_rich_0', 'bin_z_0'), ('cosmodc2-20deg2-CL', 'bin_rich_1', 'bin_z_2')
Rank None: ('cosmodc2-20deg2-CL', 'bin_rich_0', 'bin_z_0'), ('cosmodc2-20deg2-CL', 'bin_rich_2', 'bin_z_0')
Rank None: ('cosmodc2-20deg2-CL', 'bin_rich_0', 'bin_z_0'), ('cosmodc2-20deg2-CL', 'bin_rich_2', 'bin_z_1')
Rank None: ('cosmodc2-20deg2-CL', 'bin_rich_0', 'bin_z_0'), ('cosmodc2-20deg2-CL', 'bin_rich_2', 'bin_z_2')
Rank None: ('cosmodc2-20deg2-CL', 'bin_rich_0', 'bin_z_0'), ('cosmodc2-20deg2-CL', 'bin_rich_3', 'bin_z_0')
Rank None: ('cosmodc2-20deg2-CL', 'bin_rich_0', 'bin_z_0'), ('cosmodc2-20deg2-CL', 'bin_rich_3', 'bin_z_1')
Rank None: ('cosmodc2-20deg2-CL', 'bin_rich_0', 'bin_z_0'), ('cosmodc2-20deg2-CL', 'bin_rich_3', 'bin_z_2')
Rank None: ('cosmodc2-20deg2-CL', 'bin_rich_0', 'bin_z_1'), ('cosmodc2-20deg2-CL', 'bin_rich_0', 'bin_z_1')
Rank None: ('cosmodc2-20deg2-CL', 'bin_rich_0', 'bin_z_1'), ('cosmodc2-20deg2-CL', 'bin_rich_0', 'bin_z_2')
Rank None: ('cosmodc2-20deg2-CL', 'bin_rich_0', 'bin_z_1'), ('cosmodc2-20deg2-CL', 'bin_rich_1', 'bin_z_0')
Rank None: ('cosmodc2-20deg2-CL', 'bin_rich_0', 'bin_z_1'), ('cosmodc2-20deg2-CL', 'bin_rich_1', 'bin_z_1')
Rank None: ('cosmodc2-20deg2-CL', 'bin_rich_0', 'bin_z_1'), ('cosmodc2-20deg2-CL', 'bin_rich_1', 'bin_z_2')
Rank None: ('cosmodc2-20deg2-CL', 'bin_rich_0', 'bin_z_1'), ('cosmodc2-20deg2-CL', 'bin_rich_2', 'bin_z_0')
Rank None: ('cosmodc2-20deg2-CL', 'bin_rich_0', 'bin_z_1'), ('cosmodc2-20deg2-CL', 'bin_rich_2', 'bin_z_1')
Rank None: ('cosmodc2-20deg2-CL', 'bin_rich_0', 'bin_z_1'), ('cosmodc2-20deg2-CL', 'bin_rich_2', 'bin_z_2')
Rank None: ('cosmodc2-20deg2-CL', 'bin_rich_0', 'bin_z_1'), ('cosmodc2-20deg2-CL', 'bin_rich_3', 'bin_z_0')
Rank None: ('cosmodc2-20deg2-CL', 'bin_rich_0', 'bin_z_1'), ('cosmodc2-20deg2-CL', 'bin_rich_3', 'bin_z_1')
Rank None: ('cosmodc2-20deg2-CL', 'bin_rich_0', 'bin_z_1'), ('cosmodc2-20deg2-CL', 'bin_rich_3', 'bin_z_2')
Rank None: ('cosmodc2-20deg2-CL', 'bin_rich_0', 'bin_z_2'), ('cosmodc2-20deg2-CL', 'bin_rich_0', 'bin_z_2')
Rank None: ('cosmodc2-20deg2-CL', 'bin_rich_0', 'bin_z_2'), ('cosmodc2-20deg2-CL', 'bin_rich_1', 'bin_z_0')
Rank None: ('cosmodc2-20deg2-CL', 'bin_rich_0', 'bin_z_2'), ('cosmodc2-20deg2-CL', 'bin_rich_1', 'bin_z_1')
Rank None: ('cosmodc2-20deg2-CL', 'bin_rich_0', 'bin_z_2'), ('cosmodc2-20deg2-CL', 'bin_rich_1', 'bin_z_2')
Rank None: ('cosmodc2-20deg2-CL', 'bin_rich_0', 'bin_z_2'), ('cosmodc2-20deg2-CL', 'bin_rich_2', 'bin_z_0')
Rank None: ('cosmodc2-20deg2-CL', 'bin_rich_0', 'bin_z_2'), ('cosmodc2-20deg2-CL', 'bin_rich_2', 'bin_z_1')
Rank None: ('cosmodc2-20deg2-CL', 'bin_rich_0', 'bin_z_2'), ('cosmodc2-20deg2-CL', 'bin_rich_2', 'bin_z_2')
Rank None: ('cosmodc2-20deg2-CL', 'bin_rich_0', 'bin_z_2'), ('cosmodc2-20deg2-CL', 'bin_rich_3', 'bin_z_0')
Rank None: ('cosmodc2-20deg2-CL', 'bin_rich_0', 'bin_z_2'), ('cosmodc2-20deg2-CL', 'bin_rich_3', 'bin_z_1')
Rank None: ('cosmodc2-20deg2-CL', 'bin_rich_0', 'bin_z_2'), ('cosmodc2-20deg2-CL', 'bin_rich_3', 'bin_z_2')
Rank None: ('cosmodc2-20deg2-CL', 'bin_rich_1', 'bin_z_0'), ('cosmodc2-20deg2-CL', 'bin_rich_1', 'bin_z_0')
Rank None: ('cosmodc2-20deg2-CL', 'bin_rich_1', 'bin_z_0'), ('cosmodc2-20deg2-CL', 'bin_rich_1', 'bin_z_1')
Rank None: ('cosmodc2-20deg2-CL', 'bin_rich_1', 'bin_z_0'), ('cosmodc2-20deg2-CL', 'bin_rich_1', 'bin_z_2')
Rank None: ('cosmodc2-20deg2-CL', 'bin_rich_1', 'bin_z_0'), ('cosmodc2-20deg2-CL', 'bin_rich_2', 'bin_z_0')
Rank None: ('cosmodc2-20deg2-CL', 'bin_rich_1', 'bin_z_0'), ('cosmodc2-20deg2-CL', 'bin_rich_2', 'bin_z_1')
Rank None: ('cosmodc2-20deg2-CL', 'bin_rich_1', 'bin_z_0'), ('cosmodc2-20deg2-CL', 'bin_rich_2', 'bin_z_2')
Rank None: ('cosmodc2-20deg2-CL', 'bin_rich_1', 'bin_z_0'), ('cosmodc2-20deg2-CL', 'bin_rich_3', 'bin_z_0')
Rank None: ('cosmodc2-20deg2-CL', 'bin_rich_1', 'bin_z_0'), ('cosmodc2-20deg2-CL', 'bin_rich_3', 'bin_z_1')
Rank None: ('cosmodc2-20deg2-CL', 'bin_rich_1', 'bin_z_0'), ('cosmodc2-20deg2-CL', 'bin_rich_3', 'bin_z_2')
Rank None: ('cosmodc2-20deg2-CL', 'bin_rich_1', 'bin_z_1'), ('cosmodc2-20deg2-CL', 'bin_rich_1', 'bin_z_1')
Rank None: ('cosmodc2-20deg2-CL', 'bin_rich_1', 'bin_z_1'), ('cosmodc2-20deg2-CL', 'bin_rich_1', 'bin_z_2')
Rank None: ('cosmodc2-20deg2-CL', 'bin_rich_1', 'bin_z_1'), ('cosmodc2-20deg2-CL', 'bin_rich_2', 'bin_z_0')
Rank None: ('cosmodc2-20deg2-CL', 'bin_rich_1', 'bin_z_1'), ('cosmodc2-20deg2-CL', 'bin_rich_2', 'bin_z_1')
Rank None: ('cosmodc2-20deg2-CL', 'bin_rich_1', 'bin_z_1'), ('cosmodc2-20deg2-CL', 'bin_rich_2', 'bin_z_2')
Rank None: ('cosmodc2-20deg2-CL', 'bin_rich_1', 'bin_z_1'), ('cosmodc2-20deg2-CL', 'bin_rich_3', 'bin_z_0')
Rank None: ('cosmodc2-20deg2-CL', 'bin_rich_1', 'bin_z_1'), ('cosmodc2-20deg2-CL', 'bin_rich_3', 'bin_z_1')
Rank None: ('cosmodc2-20deg2-CL', 'bin_rich_1', 'bin_z_1'), ('cosmodc2-20deg2-CL', 'bin_rich_3', 'bin_z_2')
Rank None: ('cosmodc2-20deg2-CL', 'bin_rich_1', 'bin_z_2'), ('cosmodc2-20deg2-CL', 'bin_rich_1', 'bin_z_2')
Rank None: ('cosmodc2-20deg2-CL', 'bin_rich_1', 'bin_z_2'), ('cosmodc2-20deg2-CL', 'bin_rich_2', 'bin_z_0')
Rank None: ('cosmodc2-20deg2-CL', 'bin_rich_1', 'bin_z_2'), ('cosmodc2-20deg2-CL', 'bin_rich_2', 'bin_z_1')
Rank None: ('cosmodc2-20deg2-CL', 'bin_rich_1', 'bin_z_2'), ('cosmodc2-20deg2-CL', 'bin_rich_2', 'bin_z_2')
Rank None: ('cosmodc2-20deg2-CL', 'bin_rich_1', 'bin_z_2'), ('cosmodc2-20deg2-CL', 'bin_rich_3', 'bin_z_0')
Rank None: ('cosmodc2-20deg2-CL', 'bin_rich_1', 'bin_z_2'), ('cosmodc2-20deg2-CL', 'bin_rich_3', 'bin_z_1')
Rank None: ('cosmodc2-20deg2-CL', 'bin_rich_1', 'bin_z_2'), ('cosmodc2-20deg2-CL', 'bin_rich_3', 'bin_z_2')
Rank None: ('cosmodc2-20deg2-CL', 'bin_rich_2', 'bin_z_0'), ('cosmodc2-20deg2-CL', 'bin_rich_2', 'bin_z_0')
Rank None: ('cosmodc2-20deg2-CL', 'bin_rich_2', 'bin_z_0'), ('cosmodc2-20deg2-CL', 'bin_rich_2', 'bin_z_1')
Rank None: ('cosmodc2-20deg2-CL', 'bin_rich_2', 'bin_z_0'), ('cosmodc2-20deg2-CL', 'bin_rich_2', 'bin_z_2')
Rank None: ('cosmodc2-20deg2-CL', 'bin_rich_2', 'bin_z_0'), ('cosmodc2-20deg2-CL', 'bin_rich_3', 'bin_z_0')
Rank None: ('cosmodc2-20deg2-CL', 'bin_rich_2', 'bin_z_0'), ('cosmodc2-20deg2-CL', 'bin_rich_3', 'bin_z_1')
Rank None: ('cosmodc2-20deg2-CL', 'bin_rich_2', 'bin_z_0'), ('cosmodc2-20deg2-CL', 'bin_rich_3', 'bin_z_2')
Rank None: ('cosmodc2-20deg2-CL', 'bin_rich_2', 'bin_z_1'), ('cosmodc2-20deg2-CL', 'bin_rich_2', 'bin_z_1')
Rank None: ('cosmodc2-20deg2-CL', 'bin_rich_2', 'bin_z_1'), ('cosmodc2-20deg2-CL', 'bin_rich_2', 'bin_z_2')
Rank None: ('cosmodc2-20deg2-CL', 'bin_rich_2', 'bin_z_1'), ('cosmodc2-20deg2-CL', 'bin_rich_3', 'bin_z_0')
Rank None: ('cosmodc2-20deg2-CL', 'bin_rich_2', 'bin_z_1'), ('cosmodc2-20deg2-CL', 'bin_rich_3', 'bin_z_1')
Rank None: ('cosmodc2-20deg2-CL', 'bin_rich_2', 'bin_z_1'), ('cosmodc2-20deg2-CL', 'bin_rich_3', 'bin_z_2')
Rank None: ('cosmodc2-20deg2-CL', 'bin_rich_2', 'bin_z_2'), ('cosmodc2-20deg2-CL', 'bin_rich_2', 'bin_z_2')
Rank None: ('cosmodc2-20deg2-CL', 'bin_rich_2', 'bin_z_2'), ('cosmodc2-20deg2-CL', 'bin_rich_3', 'bin_z_0')
Rank None: ('cosmodc2-20deg2-CL', 'bin_rich_2', 'bin_z_2'), ('cosmodc2-20deg2-CL', 'bin_rich_3', 'bin_z_1')
Rank None: ('cosmodc2-20deg2-CL', 'bin_rich_2', 'bin_z_2'), ('cosmodc2-20deg2-CL', 'bin_rich_3', 'bin_z_2')
Rank None: ('cosmodc2-20deg2-CL', 'bin_rich_3', 'bin_z_0'), ('cosmodc2-20deg2-CL', 'bin_rich_3', 'bin_z_0')
Rank None: ('cosmodc2-20deg2-CL', 'bin_rich_3', 'bin_z_0'), ('cosmodc2-20deg2-CL', 'bin_rich_3', 'bin_z_1')
Rank None: ('cosmodc2-20deg2-CL', 'bin_rich_3', 'bin_z_0'), ('cosmodc2-20deg2-CL', 'bin_rich_3', 'bin_z_2')
Rank None: ('cosmodc2-20deg2-CL', 'bin_rich_3', 'bin_z_1'), ('cosmodc2-20deg2-CL', 'bin_rich_3', 'bin_z_1')
Rank None: ('cosmodc2-20deg2-CL', 'bin_rich_3', 'bin_z_1'), ('cosmodc2-20deg2-CL', 'bin_rich_3', 'bin_z_2')
Rank None: ('cosmodc2-20deg2-CL', 'bin_rich_3', 'bin_z_2'), ('cosmodc2-20deg2-CL', 'bin_rich_3', 'bin_z_2')
Building the covariance: placing blocks in their place
('cosmodc2-20deg2-CL', 'bin_rich_0', 'bin_z_0') ('cosmodc2-20deg2-CL', 'bin_rich_0', 'bin_z_0')
('cosmodc2-20deg2-CL', 'bin_rich_0', 'bin_z_0') ('cosmodc2-20deg2-CL', 'bin_rich_0', 'bin_z_1')
('cosmodc2-20deg2-CL', 'bin_rich_0', 'bin_z_0') ('cosmodc2-20deg2-CL', 'bin_rich_0', 'bin_z_2')
('cosmodc2-20deg2-CL', 'bin_rich_0', 'bin_z_0') ('cosmodc2-20deg2-CL', 'bin_rich_1', 'bin_z_0')
('cosmodc2-20deg2-CL', 'bin_rich_0', 'bin_z_0') ('cosmodc2-20deg2-CL', 'bin_rich_1', 'bin_z_1')
('cosmodc2-20deg2-CL', 'bin_rich_0', 'bin_z_0') ('cosmodc2-20deg2-CL', 'bin_rich_1', 'bin_z_2')
('cosmodc2-20deg2-CL', 'bin_rich_0', 'bin_z_0') ('cosmodc2-20deg2-CL', 'bin_rich_2', 'bin_z_0')
('cosmodc2-20deg2-CL', 'bin_rich_0', 'bin_z_0') ('cosmodc2-20deg2-CL', 'bin_rich_2', 'bin_z_1')
('cosmodc2-20deg2-CL', 'bin_rich_0', 'bin_z_0') ('cosmodc2-20deg2-CL', 'bin_rich_2', 'bin_z_2')
('cosmodc2-20deg2-CL', 'bin_rich_0', 'bin_z_0') ('cosmodc2-20deg2-CL', 'bin_rich_3', 'bin_z_0')
('cosmodc2-20deg2-CL', 'bin_rich_0', 'bin_z_0') ('cosmodc2-20deg2-CL', 'bin_rich_3', 'bin_z_1')
('cosmodc2-20deg2-CL', 'bin_rich_0', 'bin_z_0') ('cosmodc2-20deg2-CL', 'bin_rich_3', 'bin_z_2')
('cosmodc2-20deg2-CL', 'bin_rich_0', 'bin_z_1') ('cosmodc2-20deg2-CL', 'bin_rich_0', 'bin_z_1')
('cosmodc2-20deg2-CL', 'bin_rich_0', 'bin_z_1') ('cosmodc2-20deg2-CL', 'bin_rich_0', 'bin_z_2')
('cosmodc2-20deg2-CL', 'bin_rich_0', 'bin_z_1') ('cosmodc2-20deg2-CL', 'bin_rich_1', 'bin_z_0')
('cosmodc2-20deg2-CL', 'bin_rich_0', 'bin_z_1') ('cosmodc2-20deg2-CL', 'bin_rich_1', 'bin_z_1')
('cosmodc2-20deg2-CL', 'bin_rich_0', 'bin_z_1') ('cosmodc2-20deg2-CL', 'bin_rich_1', 'bin_z_2')
('cosmodc2-20deg2-CL', 'bin_rich_0', 'bin_z_1') ('cosmodc2-20deg2-CL', 'bin_rich_2', 'bin_z_0')
('cosmodc2-20deg2-CL', 'bin_rich_0', 'bin_z_1') ('cosmodc2-20deg2-CL', 'bin_rich_2', 'bin_z_1')
('cosmodc2-20deg2-CL', 'bin_rich_0', 'bin_z_1') ('cosmodc2-20deg2-CL', 'bin_rich_2', 'bin_z_2')
('cosmodc2-20deg2-CL', 'bin_rich_0', 'bin_z_1') ('cosmodc2-20deg2-CL', 'bin_rich_3', 'bin_z_0')
('cosmodc2-20deg2-CL', 'bin_rich_0', 'bin_z_1') ('cosmodc2-20deg2-CL', 'bin_rich_3', 'bin_z_1')
('cosmodc2-20deg2-CL', 'bin_rich_0', 'bin_z_1') ('cosmodc2-20deg2-CL', 'bin_rich_3', 'bin_z_2')
('cosmodc2-20deg2-CL', 'bin_rich_0', 'bin_z_2') ('cosmodc2-20deg2-CL', 'bin_rich_0', 'bin_z_2')
('cosmodc2-20deg2-CL', 'bin_rich_0', 'bin_z_2') ('cosmodc2-20deg2-CL', 'bin_rich_1', 'bin_z_0')
('cosmodc2-20deg2-CL', 'bin_rich_0', 'bin_z_2') ('cosmodc2-20deg2-CL', 'bin_rich_1', 'bin_z_1')
('cosmodc2-20deg2-CL', 'bin_rich_0', 'bin_z_2') ('cosmodc2-20deg2-CL', 'bin_rich_1', 'bin_z_2')
('cosmodc2-20deg2-CL', 'bin_rich_0', 'bin_z_2') ('cosmodc2-20deg2-CL', 'bin_rich_2', 'bin_z_0')
('cosmodc2-20deg2-CL', 'bin_rich_0', 'bin_z_2') ('cosmodc2-20deg2-CL', 'bin_rich_2', 'bin_z_1')
('cosmodc2-20deg2-CL', 'bin_rich_0', 'bin_z_2') ('cosmodc2-20deg2-CL', 'bin_rich_2', 'bin_z_2')
('cosmodc2-20deg2-CL', 'bin_rich_0', 'bin_z_2') ('cosmodc2-20deg2-CL', 'bin_rich_3', 'bin_z_0')
('cosmodc2-20deg2-CL', 'bin_rich_0', 'bin_z_2') ('cosmodc2-20deg2-CL', 'bin_rich_3', 'bin_z_1')
('cosmodc2-20deg2-CL', 'bin_rich_0', 'bin_z_2') ('cosmodc2-20deg2-CL', 'bin_rich_3', 'bin_z_2')
('cosmodc2-20deg2-CL', 'bin_rich_1', 'bin_z_0') ('cosmodc2-20deg2-CL', 'bin_rich_1', 'bin_z_0')
('cosmodc2-20deg2-CL', 'bin_rich_1', 'bin_z_0') ('cosmodc2-20deg2-CL', 'bin_rich_1', 'bin_z_1')
('cosmodc2-20deg2-CL', 'bin_rich_1', 'bin_z_0') ('cosmodc2-20deg2-CL', 'bin_rich_1', 'bin_z_2')
('cosmodc2-20deg2-CL', 'bin_rich_1', 'bin_z_0') ('cosmodc2-20deg2-CL', 'bin_rich_2', 'bin_z_0')
('cosmodc2-20deg2-CL', 'bin_rich_1', 'bin_z_0') ('cosmodc2-20deg2-CL', 'bin_rich_2', 'bin_z_1')
('cosmodc2-20deg2-CL', 'bin_rich_1', 'bin_z_0') ('cosmodc2-20deg2-CL', 'bin_rich_2', 'bin_z_2')
('cosmodc2-20deg2-CL', 'bin_rich_1', 'bin_z_0') ('cosmodc2-20deg2-CL', 'bin_rich_3', 'bin_z_0')
('cosmodc2-20deg2-CL', 'bin_rich_1', 'bin_z_0') ('cosmodc2-20deg2-CL', 'bin_rich_3', 'bin_z_1')
('cosmodc2-20deg2-CL', 'bin_rich_1', 'bin_z_0') ('cosmodc2-20deg2-CL', 'bin_rich_3', 'bin_z_2')
('cosmodc2-20deg2-CL', 'bin_rich_1', 'bin_z_1') ('cosmodc2-20deg2-CL', 'bin_rich_1', 'bin_z_1')
('cosmodc2-20deg2-CL', 'bin_rich_1', 'bin_z_1') ('cosmodc2-20deg2-CL', 'bin_rich_1', 'bin_z_2')
('cosmodc2-20deg2-CL', 'bin_rich_1', 'bin_z_1') ('cosmodc2-20deg2-CL', 'bin_rich_2', 'bin_z_0')
('cosmodc2-20deg2-CL', 'bin_rich_1', 'bin_z_1') ('cosmodc2-20deg2-CL', 'bin_rich_2', 'bin_z_1')
('cosmodc2-20deg2-CL', 'bin_rich_1', 'bin_z_1') ('cosmodc2-20deg2-CL', 'bin_rich_2', 'bin_z_2')
('cosmodc2-20deg2-CL', 'bin_rich_1', 'bin_z_1') ('cosmodc2-20deg2-CL', 'bin_rich_3', 'bin_z_0')
('cosmodc2-20deg2-CL', 'bin_rich_1', 'bin_z_1') ('cosmodc2-20deg2-CL', 'bin_rich_3', 'bin_z_1')
('cosmodc2-20deg2-CL', 'bin_rich_1', 'bin_z_1') ('cosmodc2-20deg2-CL', 'bin_rich_3', 'bin_z_2')
('cosmodc2-20deg2-CL', 'bin_rich_1', 'bin_z_2') ('cosmodc2-20deg2-CL', 'bin_rich_1', 'bin_z_2')
('cosmodc2-20deg2-CL', 'bin_rich_1', 'bin_z_2') ('cosmodc2-20deg2-CL', 'bin_rich_2', 'bin_z_0')
('cosmodc2-20deg2-CL', 'bin_rich_1', 'bin_z_2') ('cosmodc2-20deg2-CL', 'bin_rich_2', 'bin_z_1')
('cosmodc2-20deg2-CL', 'bin_rich_1', 'bin_z_2') ('cosmodc2-20deg2-CL', 'bin_rich_2', 'bin_z_2')
('cosmodc2-20deg2-CL', 'bin_rich_1', 'bin_z_2') ('cosmodc2-20deg2-CL', 'bin_rich_3', 'bin_z_0')
('cosmodc2-20deg2-CL', 'bin_rich_1', 'bin_z_2') ('cosmodc2-20deg2-CL', 'bin_rich_3', 'bin_z_1')
('cosmodc2-20deg2-CL', 'bin_rich_1', 'bin_z_2') ('cosmodc2-20deg2-CL', 'bin_rich_3', 'bin_z_2')
('cosmodc2-20deg2-CL', 'bin_rich_2', 'bin_z_0') ('cosmodc2-20deg2-CL', 'bin_rich_2', 'bin_z_0')
('cosmodc2-20deg2-CL', 'bin_rich_2', 'bin_z_0') ('cosmodc2-20deg2-CL', 'bin_rich_2', 'bin_z_1')
('cosmodc2-20deg2-CL', 'bin_rich_2', 'bin_z_0') ('cosmodc2-20deg2-CL', 'bin_rich_2', 'bin_z_2')
('cosmodc2-20deg2-CL', 'bin_rich_2', 'bin_z_0') ('cosmodc2-20deg2-CL', 'bin_rich_3', 'bin_z_0')
('cosmodc2-20deg2-CL', 'bin_rich_2', 'bin_z_0') ('cosmodc2-20deg2-CL', 'bin_rich_3', 'bin_z_1')
('cosmodc2-20deg2-CL', 'bin_rich_2', 'bin_z_0') ('cosmodc2-20deg2-CL', 'bin_rich_3', 'bin_z_2')
('cosmodc2-20deg2-CL', 'bin_rich_2', 'bin_z_1') ('cosmodc2-20deg2-CL', 'bin_rich_2', 'bin_z_1')
('cosmodc2-20deg2-CL', 'bin_rich_2', 'bin_z_1') ('cosmodc2-20deg2-CL', 'bin_rich_2', 'bin_z_2')
('cosmodc2-20deg2-CL', 'bin_rich_2', 'bin_z_1') ('cosmodc2-20deg2-CL', 'bin_rich_3', 'bin_z_0')
('cosmodc2-20deg2-CL', 'bin_rich_2', 'bin_z_1') ('cosmodc2-20deg2-CL', 'bin_rich_3', 'bin_z_1')
('cosmodc2-20deg2-CL', 'bin_rich_2', 'bin_z_1') ('cosmodc2-20deg2-CL', 'bin_rich_3', 'bin_z_2')
('cosmodc2-20deg2-CL', 'bin_rich_2', 'bin_z_2') ('cosmodc2-20deg2-CL', 'bin_rich_2', 'bin_z_2')
('cosmodc2-20deg2-CL', 'bin_rich_2', 'bin_z_2') ('cosmodc2-20deg2-CL', 'bin_rich_3', 'bin_z_0')
('cosmodc2-20deg2-CL', 'bin_rich_2', 'bin_z_2') ('cosmodc2-20deg2-CL', 'bin_rich_3', 'bin_z_1')
('cosmodc2-20deg2-CL', 'bin_rich_2', 'bin_z_2') ('cosmodc2-20deg2-CL', 'bin_rich_3', 'bin_z_2')
('cosmodc2-20deg2-CL', 'bin_rich_3', 'bin_z_0') ('cosmodc2-20deg2-CL', 'bin_rich_3', 'bin_z_0')
('cosmodc2-20deg2-CL', 'bin_rich_3', 'bin_z_0') ('cosmodc2-20deg2-CL', 'bin_rich_3', 'bin_z_1')
('cosmodc2-20deg2-CL', 'bin_rich_3', 'bin_z_0') ('cosmodc2-20deg2-CL', 'bin_rich_3', 'bin_z_2')
('cosmodc2-20deg2-CL', 'bin_rich_3', 'bin_z_1') ('cosmodc2-20deg2-CL', 'bin_rich_3', 'bin_z_1')
('cosmodc2-20deg2-CL', 'bin_rich_3', 'bin_z_1') ('cosmodc2-20deg2-CL', 'bin_rich_3', 'bin_z_2')
('cosmodc2-20deg2-CL', 'bin_rich_3', 'bin_z_2') ('cosmodc2-20deg2-CL', 'bin_rich_3', 'bin_z_2')
NOTE/WARNING: Expected output file ./tests/outputs/clusters_sacc_file_cov.sacc was not generated.
Time:  43.96468448638916  sec
Stage complete: TJPCovPipeline @ 2025-02-20 14:28:03.157285 took 0.75 minutes
